lucia@LAPTOP-OHG76SV7 MINGW64 ~
$ git init my_calculator
Initialized empty Git repository in C:/Users/lucia/my_calculator/.git/

lucia@LAPTOP-OHG76SV7 MINGW64 ~
$ cd my_calculator

lucia@LAPTOP-OHG76SV7 MINGW64 ~/my_calculator (main)
$ git remote add origin https://github.com/luciacantos/my_calculator.git

lucia@LAPTOP-OHG76SV7 MINGW64 ~/my_calculator (main)
$ git add index.html

lucia@LAPTOP-OHG76SV7 MINGW64 ~/my_calculator (main)
$ git commit -m "x^3 button"
[main (root-commit) 224cf46] x^3 button
 1 file changed, 41 insertions(+)
 create mode 100644 index.html

lucia@LAPTOP-OHG76SV7 MINGW64 ~/my_calculator (main)
$ git log --oneline
224cf46 (HEAD -> main) x^3 button

lucia@LAPTOP-OHG76SV7 MINGW64 ~/my_calculator (main)
$ git add index.html

lucia@LAPTOP-OHG76SV7 MINGW64 ~/my_calculator (main)
$ git commit -m "x^4 button"
[main 136ccae] x^4 button
 1 file changed, 10 insertions(+)

lucia@LAPTOP-OHG76SV7 MINGW64 ~/my_calculator (main)
$ git push origin master
error: src refspec master does not match any
error: failed to push some refs to 'https://github.com/luciacantos/my_calculator.git'

lucia@LAPTOP-OHG76SV7 MINGW64 ~/my_calculator (main)
$ git branch refs/remotes/origin/development

lucia@LAPTOP-OHG76SV7 MINGW64 ~/my_calculator (main)
$ git checkout -b development
Switched to a new branch 'development'

lucia@LAPTOP-OHG76SV7 MINGW64 ~/my_calculator (development)
$ git add .

lucia@LAPTOP-OHG76SV7 MINGW64 ~/my_calculator (development)
$ git commit -m "mensaje"
On branch development
nothing to commit, working tree clean

lucia@LAPTOP-OHG76SV7 MINGW64 ~/my_calculator (development)
$ git push origin development
Enumerating objects: 6, done.
Counting objects: 100% (6/6), done.
Delta compression using up to 8 threads
Compressing objects: 100% (4/4), done.
Writing objects: 100% (6/6), 778 bytes | 778.00 KiB/s, done.
Total 6 (delta 1), reused 0 (delta 0), pack-reused 0
remote: Resolving deltas: 100% (1/1), done.
remote:
remote: Create a pull request for 'development' on GitHub by visiting:
remote:      https://github.com/luciacantos/my_calculator/pull/new/development
remote:
To https://github.com/luciacantos/my_calculator.git
 * [new branch]      development -> development

lucia@LAPTOP-OHG76SV7 MINGW64 ~/my_calculator (development)
$
